sona@rpi4-orso-sdbh:~/HowTo-Ubuntu24S-Raspicam-Webserver-Streaming$ sudo apt install -y libboost-dev libgnutls28-dev openssl libtiff5-dev pybind11-dev
Reading package lists... Done
Building dependency tree... Done
Reading state information... Done
openssl is already the newest version (3.0.13-0ubuntu3.9).
openssl set to manually installed.
Some packages could not be installed. This may mean that you have
requested an impossible situation or if you are using the unstable
distribution that some required packages have not yet been created
or been moved out of Incoming.
The following information may help to resolve the situation:

The following packages have unmet dependencies:
 libidn2-dev : Depends: libidn2-0 (= 2.3.7-2build1) but 2.3.7-2build1.1 is to be installed
 libp11-kit-dev : Depends: libp11-kit0 (= 0.25.3-4ubuntu2) but 0.25.3-4ubuntu2.1 is to be installed
 libzstd-dev : Depends: libzstd1 (= 1.5.5+dfsg2-2build1) but 1.5.5+dfsg2-2build1.1 is to be installed
 nettle-dev : Depends: libnettle8t64 (= 3.9.1-2.2build1) but 3.9.1-2.2build1.1 is to be installed
              Depends: libhogweed6t64 (= 3.9.1-2.2build1) but 3.9.1-2.2build1.1 is to be installed
              Depends: libgmp-dev but it is not going to be installed
 zlib1g-dev : Depends: zlib1g (= 1:1.3.dfsg-3.1ubuntu2) but 1:1.3.dfsg-3.1ubuntu2.1 is to be installed
E: Unable to correct problems, you have held broken packages.